1>   file3.dat:1   <1>
2>   file3.dat:2   <2>
3>   file3.dat:3   <3>
4>   file3.dat:4   <4>
5>   file3.dat:5   <5>
6>   file3.dat:6   <6>
7>   file3.dat:7   <12>
8>   file3.dat:8   <7>
9>   file3.dat:9   <6>
10>   file3.dat:10   <5>
11>   file3.dat:11   <4>
12>   file3.dat:12   <3>
13>   file3.dat:13   <2>
