__EXACT_MATCH__
Testing KeyedOutputBuffer class
0: 0 1 2 3 4 5 6  (explicit new-line)
1: 1 2 3 4 5 6  (explicit new-line)
2: 2 3 4 5 6  (explicit new-line)
3: 3 4 5 6  (explicit new-line)
4: 4 5 6  (explicit new-line)
5: 5 6  (explicit new-line)
6: 6  (explicit new-line)
7: 7 8 9 10 11 12 13  (explicit new-line)
8: 8 9 10 11 12 13  (explicit new-line)
9: 9 10 11 12 13  (explicit new-line)
